mysql> SHOW DATABASES;
+--------------------+
| Database           |
+--------------------+
| information_schema |
| mysql              |
| performance_schema |
| school             |
| school2            |
| sys                |
+--------------------+
6 rows in set (0,01 sec)

mysql> USE school;
Reading table information for completion of table and column names
You can turn off this feature to get a quicker startup with -A

Database changed
mysql> SHOW TABLES;
+------------------+
| Tables_in_school |
+------------------+
| classes          |
| room_class       |
| rooms            |
| students         |
| teachers         |
+------------------+
5 rows in set (0,00 sec)

mysql> SELECT * FROM teachers;
+----+------------+-------------+-----------------------+
| id | first_name | last_name   | email                 |
+----+------------+-------------+-----------------------+
|  1 | Kateryna   | Samotiy     | samotiy@gmail.com     |
|  2 | Victoriya  | Sagaydachna | sagaydachna@gmail.com |
|  3 | Natalia    | Khmelnutska | khmelnutska@gmail.com |
|  4 | Anna       | Mikhaylova  | mm@gmail.com          |
|  5 | Irina      | Mikhaylova  | ira@test.com          |
+----+------------+-------------+-----------------------+
5 rows in set (0,01 sec)

mysql> SELECT * FROM students;
+----+------------+--------------+----------+
| id | first_name | last_name    | class_id |
+----+------------+--------------+----------+
|  1 | Ivan       | Golovin      |        1 |
|  2 | Petro      | Sagaydachuy  |        2 |
|  3 | Bogdan     | Khmelnutskuy |        3 |
+----+------------+--------------+----------+
3 rows in set (0,00 sec)

mysql> SELECT * FROM classes;
+----+------+------------+
| id | name | teacher_id |
+----+------+------------+
|  1 | 1-a  |          1 |
|  2 | 2-a  |          2 |
|  3 | 7-a  |          3 |
|  4 | 8-a  |          4 |
+----+------+------------+
4 rows in set (0,00 sec)

mysql> SELECT * FROM rooms;
+----+--------+
| id | number |
+----+--------+
|  1 |      1 |
|  2 |      2 |
|  3 |      3 |
|  4 |      4 |
|  5 |      5 |
|  6 |      6 |
|  7 |      7 |
|  8 |     10 |
+----+--------+
8 rows in set (0,00 sec)

mysql> SELECT number FROM rooms;
+--------+
| number |
+--------+
|      1 |
|      2 |
|      3 |
|      4 |
|      5 |
|      6 |
|      7 |
|     10 |
+--------+
8 rows in set (0,00 sec)

mysql> SELECT * FROM classes INNER JOIN teachers t ON t.id = classes.teacher_id;
+----+------+------------+----+------------+-------------+-----------------------+
| id | name | teacher_id | id | first_name | last_name   | email                 |
+----+------+------------+----+------------+-------------+-----------------------+
|  1 | 1-a  |          1 |  1 | Kateryna   | Samotiy     | samotiy@gmail.com     |
|  2 | 2-a  |          2 |  2 | Victoriya  | Sagaydachna | sagaydachna@gmail.com |
|  3 | 7-a  |          3 |  3 | Natalia    | Khmelnutska | khmelnutska@gmail.com |
|  4 | 8-a  |          4 |  4 | Anna       | Mikhaylova  | mm@gmail.com          |
+----+------+------------+----+------------+-------------+-----------------------+
4 rows in set (0,00 sec)

mysql> INSERT INTO classess (name, teacher_id) VALUES ("10-a", 30);
ERROR 1146 (42S02): Table 'school.classess' doesn't exist
mysql> INSERT INTO classes (name, teacher_id) VALUES ("10-a", 30);
Query OK, 1 row affected (0,00 sec)

mysql> SELECT * FROM classes INNER JOIN teachers t ON t.id = classes.teacher_id;
+----+------+------------+----+------------+-------------+-----------------------+
| id | name | teacher_id | id | first_name | last_name   | email                 |
+----+------+------------+----+------------+-------------+-----------------------+
|  1 | 1-a  |          1 |  1 | Kateryna   | Samotiy     | samotiy@gmail.com     |
|  2 | 2-a  |          2 |  2 | Victoriya  | Sagaydachna | sagaydachna@gmail.com |
|  3 | 7-a  |          3 |  3 | Natalia    | Khmelnutska | khmelnutska@gmail.com |
|  4 | 8-a  |          4 |  4 | Anna       | Mikhaylova  | mm@gmail.com          |
+----+------+------------+----+------------+-------------+-----------------------+
4 rows in set (0,00 sec)

mysql> SELECT * FROM classes;
+----+------+------------+
| id | name | teacher_id |
+----+------+------------+
|  1 | 1-a  |          1 |
|  2 | 2-a  |          2 |
|  3 | 7-a  |          3 |
|  4 | 8-a  |          4 |
|  5 | 10-a |         30 |
+----+------+------------+
5 rows in set (0,00 sec)

mysql> SELECT * FROM classes LEFT JOIN teachers t ON t.id = classes.teacher_id;
+----+------+------------+------+------------+-------------+-----------------------+
| id | name | teacher_id | id   | first_name | last_name   | email                 |
+----+------+------------+------+------------+-------------+-----------------------+
|  1 | 1-a  |          1 |    1 | Kateryna   | Samotiy     | samotiy@gmail.com     |
|  2 | 2-a  |          2 |    2 | Victoriya  | Sagaydachna | sagaydachna@gmail.com |
|  3 | 7-a  |          3 |    3 | Natalia    | Khmelnutska | khmelnutska@gmail.com |
|  4 | 8-a  |          4 |    4 | Anna       | Mikhaylova  | mm@gmail.com          |
|  5 | 10-a |         30 | NULL | NULL       | NULL        | NULL                  |
+----+------+------------+------+------------+-------------+-----------------------+
5 rows in set (0,00 sec)

mysql> INSERT INTO teachers (first_name, last_name, email) VALUES ("Bogdana", "Ivanova", "ivanova@gmail.com");
Query OK, 1 row affected (0,01 sec)

mysql> SELECT * FROM classes RIGHT JOIN teachers t ON t.id = classes.teacher_id;
+------+------+------------+----+------------+-------------+-----------------------+
| id   | name | teacher_id | id | first_name | last_name   | email                 |
+------+------+------------+----+------------+-------------+-----------------------+
|    1 | 1-a  |          1 |  1 | Kateryna   | Samotiy     | samotiy@gmail.com     |
|    2 | 2-a  |          2 |  2 | Victoriya  | Sagaydachna | sagaydachna@gmail.com |
|    3 | 7-a  |          3 |  3 | Natalia    | Khmelnutska | khmelnutska@gmail.com |
|    4 | 8-a  |          4 |  4 | Anna       | Mikhaylova  | mm@gmail.com          |
| NULL | NULL |       NULL |  5 | Irina      | Mikhaylova  | ira@test.com          |
| NULL | NULL |       NULL |  6 | Bogdana    | Ivanova     | ivanova@gmail.com     |
+------+------+------------+----+------------+-------------+-----------------------+
6 rows in set (0,00 sec)

mysql> SELECT * FROM classes LEFT JOIN teachers t ON t.id = classes.teacher_id;
+----+------+------------+------+------------+-------------+-----------------------+
| id | name | teacher_id | id   | first_name | last_name   | email                 |
+----+------+------------+------+------------+-------------+-----------------------+
|  1 | 1-a  |          1 |    1 | Kateryna   | Samotiy     | samotiy@gmail.com     |
|  2 | 2-a  |          2 |    2 | Victoriya  | Sagaydachna | sagaydachna@gmail.com |
|  3 | 7-a  |          3 |    3 | Natalia    | Khmelnutska | khmelnutska@gmail.com |
|  4 | 8-a  |          4 |    4 | Anna       | Mikhaylova  | mm@gmail.com          |
|  5 | 10-a |         30 | NULL | NULL       | NULL        | NULL                  |
+----+------+------------+------+------------+-------------+-----------------------+
5 rows in set (0,00 sec)

mysql> SELECT * FROM classes RIGHT JOIN teachers t ON t.id = classes.teacher_id;
+------+------+------------+----+------------+-------------+-----------------------+
| id   | name | teacher_id | id | first_name | last_name   | email                 |
+------+------+------------+----+------------+-------------+-----------------------+
|    1 | 1-a  |          1 |  1 | Kateryna   | Samotiy     | samotiy@gmail.com     |
|    2 | 2-a  |          2 |  2 | Victoriya  | Sagaydachna | sagaydachna@gmail.com |
|    3 | 7-a  |          3 |  3 | Natalia    | Khmelnutska | khmelnutska@gmail.com |
|    4 | 8-a  |          4 |  4 | Anna       | Mikhaylova  | mm@gmail.com          |
| NULL | NULL |       NULL |  5 | Irina      | Mikhaylova  | ira@test.com          |
| NULL | NULL |       NULL |  6 | Bogdana    | Ivanova     | ivanova@gmail.com     |
+------+------+------------+----+------------+-------------+-----------------------+
6 rows in set (0,00 sec)

mysql> SELECT * FROM classes INNER JOIN teachers t ON t.id = classes.teacher_id;
+----+------+------------+----+------------+-------------+-----------------------+
| id | name | teacher_id | id | first_name | last_name   | email                 |
+----+------+------------+----+------------+-------------+-----------------------+
|  1 | 1-a  |          1 |  1 | Kateryna   | Samotiy     | samotiy@gmail.com     |
|  2 | 2-a  |          2 |  2 | Victoriya  | Sagaydachna | sagaydachna@gmail.com |
|  3 | 7-a  |          3 |  3 | Natalia    | Khmelnutska | khmelnutska@gmail.com |
|  4 | 8-a  |          4 |  4 | Anna       | Mikhaylova  | mm@gmail.com          |
+----+------+------------+----+------------+-------------+-----------------------+
4 rows in set (0,00 sec)

mysql> SELECT classes.*, teachers.first_name, teachers.last_name, teachers.email FROM classes  INNER JOIN
 teachers ON teachers.id = classe
+----+------+------------+------------+-------------+-----------------------+
| id | name | teacher_id | first_name | last_name   | email                 |
+----+------+------------+------------+-------------+-----------------------+
|  1 | 1-a  |          1 | Kateryna   | Samotiy     | samotiy@gmail.com     |
|  2 | 2-a  |          2 | Victoriya  | Sagaydachna | sagaydachna@gmail.com |
|  3 | 7-a  |          3 | Natalia    | Khmelnutska | khmelnutska@gmail.com |
|  4 | 8-a  |          4 | Anna       | Mikhaylova  | mm@gmail.com          |
+----+------+------------+------------+-------------+-----------------------+
4 rows in set (0,00 sec)

mysql> SELECT * FROM teachers WHERE first_name="Kateryna";
+----+------------+-----------+-------------------+
| id | first_name | last_name | email             |
+----+------------+-----------+-------------------+
|  1 | Kateryna   | Samotiy   | samotiy@gmail.com |
+----+------------+-----------+-------------------+
1 row in set (0,00 sec)

mysql> SELECT * FROM teachers WHERE first_name LIKE "%a%";
+----+------------+-------------+-----------------------+
| id | first_name | last_name   | email                 |
+----+------------+-------------+-----------------------+
|  1 | Kateryna   | Samotiy     | samotiy@gmail.com     |
|  2 | Victoriya  | Sagaydachna | sagaydachna@gmail.com |
|  3 | Natalia    | Khmelnutska | khmelnutska@gmail.com |
|  4 | Anna       | Mikhaylova  | mm@gmail.com          |
|  5 | Irina      | Mikhaylova  | ira@test.com          |
|  6 | Bogdana    | Ivanova     | ivanova@gmail.com     |
+----+------------+-------------+-----------------------+
6 rows in set (0,00 sec)

mysql> SELECT * FROM teachers WHERE first_name LIKE "a%";
+----+------------+------------+--------------+
| id | first_name | last_name  | email        |
+----+------------+------------+--------------+
|  4 | Anna       | Mikhaylova | mm@gmail.com |
+----+------------+------------+--------------+
1 row in set (0,00 sec)

mysql> SELECT * FROM teachers WHERE first_name LIKE "%a";
+----+------------+-------------+-----------------------+
| id | first_name | last_name   | email                 |
+----+------------+-------------+-----------------------+
|  1 | Kateryna   | Samotiy     | samotiy@gmail.com     |
|  2 | Victoriya  | Sagaydachna | sagaydachna@gmail.com |
|  3 | Natalia    | Khmelnutska | khmelnutska@gmail.com |
|  4 | Anna       | Mikhaylova  | mm@gmail.com          |
|  5 | Irina      | Mikhaylova  | ira@test.com          |
|  6 | Bogdana    | Ivanova     | ivanova@gmail.com     |
+----+------------+-------------+-----------------------+
6 rows in set (0,00 sec)

mysql> SELECT * FROM teachers WHERE first_name LIKE "%at%";
+----+------------+-------------+-----------------------+
| id | first_name | last_name   | email                 |
+----+------------+-------------+-----------------------+
|  1 | Kateryna   | Samotiy     | samotiy@gmail.com     |
|  3 | Natalia    | Khmelnutska | khmelnutska@gmail.com |
+----+------------+-------------+-----------------------+
2 rows in set (0,00 sec)

mysql> SELECT * FROM teachers WHERE first_name="Anna" AND email="mm@gmail.com";
+----+------------+------------+--------------+
| id | first_name | last_name  | email        |
+----+------------+------------+--------------+
|  4 | Anna       | Mikhaylova | mm@gmail.com |
+----+------------+------------+--------------+
1 row in set (0,00 sec)

mysql> SELECT * FROM teachers WHERE first_name="Anna" AND email="mm@gmail.co";
Empty set (0,00 sec)

mysql> SELECT * FROM teachers WHERE first_name="Anna" OR email="samotiy@gmail.com";
+----+------------+------------+-------------------+
| id | first_name | last_name  | email             |
+----+------------+------------+-------------------+
|  1 | Kateryna   | Samotiy    | samotiy@gmail.com |
|  4 | Anna       | Mikhaylova | mm@gmail.com      |
+----+------------+------------+-------------------+
2 rows in set (0,00 sec)

mysql> SELECT * FROM teachers WHERE id IN [1,3,5]
    -> ;
ERROR 1064 (42000): You have an error in your SQL syntax; check the manual that corresponds to your MySQL server version for the right syntax to use near '[1,3,5]' at line 1
mysql> SELECT * FROM teachers WHERE id IN [1,3,5];
ERROR 1064 (42000): You have an error in your SQL syntax; check the manual that corresponds to your MySQL server version for the right syntax to use near '[1,3,5]' at line 1
mysql> SELECT * FROM teachers WHERE id IN (1,3,5);
+----+------------+-------------+-----------------------+
| id | first_name | last_name   | email                 |
+----+------------+-------------+-----------------------+
|  1 | Kateryna   | Samotiy     | samotiy@gmail.com     |
|  3 | Natalia    | Khmelnutska | khmelnutska@gmail.com |
|  5 | Irina      | Mikhaylova  | ira@test.com          |
+----+------------+-------------+-----------------------+
3 rows in set (0,00 sec)

mysql> SELECT * FROM teachers WHERE id IN (1,3,5) ORDER BY id;
+----+------------+-------------+-----------------------+
| id | first_name | last_name   | email                 |
+----+------------+-------------+-----------------------+
|  1 | Kateryna   | Samotiy     | samotiy@gmail.com     |
|  3 | Natalia    | Khmelnutska | khmelnutska@gmail.com |
|  5 | Irina      | Mikhaylova  | ira@test.com          |
+----+------------+-------------+-----------------------+
3 rows in set (0,00 sec)

mysql> SELECT * FROM teachers WHERE id IN (1,3,5) ORDER BY id DESC;
+----+------------+-------------+-----------------------+
| id | first_name | last_name   | email                 |
+----+------------+-------------+-----------------------+
|  5 | Irina      | Mikhaylova  | ira@test.com          |
|  3 | Natalia    | Khmelnutska | khmelnutska@gmail.com |
|  1 | Kateryna   | Samotiy     | samotiy@gmail.com     |
+----+------------+-------------+-----------------------+
3 rows in set (0,00 sec)

mysql> SELECT * FROM teachers WHERE id IN (1,3,5) ORDER BY -id;
+----+------------+-------------+-----------------------+
| id | first_name | last_name   | email                 |
+----+------------+-------------+-----------------------+
|  5 | Irina      | Mikhaylova  | ira@test.com          |
|  3 | Natalia    | Khmelnutska | khmelnutska@gmail.com |
|  1 | Kateryna   | Samotiy     | samotiy@gmail.com     |
+----+------------+-------------+-----------------------+
3 rows in set (0,00 sec)

mysql> SELECT * FROM teachers WHERE id IN (1,3,5) ORDER BY id;
+----+------------+-------------+-----------------------+
| id | first_name | last_name   | email                 |
+----+------------+-------------+-----------------------+
|  1 | Kateryna   | Samotiy     | samotiy@gmail.com     |
|  3 | Natalia    | Khmelnutska | khmelnutska@gmail.com |
|  5 | Irina      | Mikhaylova  | ira@test.com          |
+----+------------+-------------+-----------------------+
3 rows in set (0,00 sec)

mysql> SELECT * FROM teachers WHERE id IN (1,3,5) ORDER BY -id;
+----+------------+-------------+-----------------------+
| id | first_name | last_name   | email                 |
+----+------------+-------------+-----------------------+
|  5 | Irina      | Mikhaylova  | ira@test.com          |
|  3 | Natalia    | Khmelnutska | khmelnutska@gmail.com |
|  1 | Kateryna   | Samotiy     | samotiy@gmail.com     |
+----+------------+-------------+-----------------------+
3 rows in set (0,00 sec)

mysql> SELECT * FROM teachers WHERE id IN (1,3,5) ORDER BY id ASC;
+----+------------+-------------+-----------------------+
| id | first_name | last_name   | email                 |
+----+------------+-------------+-----------------------+
|  1 | Kateryna   | Samotiy     | samotiy@gmail.com     |
|  3 | Natalia    | Khmelnutska | khmelnutska@gmail.com |
|  5 | Irina      | Mikhaylova  | ira@test.com          |
+----+------------+-------------+-----------------------+
3 rows in set (0,00 sec)

mysql> SELECT * FROM teachers WHERE id IN (1,3,5) ORDER BY id DESC;
+----+------------+-------------+-----------------------+
| id | first_name | last_name   | email                 |
+----+------------+-------------+-----------------------+
|  5 | Irina      | Mikhaylova  | ira@test.com          |
|  3 | Natalia    | Khmelnutska | khmelnutska@gmail.com |
|  1 | Kateryna   | Samotiy     | samotiy@gmail.com     |
+----+------------+-------------+-----------------------+
3 rows in set (0,00 sec)

mysql> SELECT * FROM teachers WHERE id IN (1,3,5) ORDER BY first_name DESC;
+----+------------+-------------+-----------------------+
| id | first_name | last_name   | email                 |
+----+------------+-------------+-----------------------+
|  3 | Natalia    | Khmelnutska | khmelnutska@gmail.com |
|  1 | Kateryna   | Samotiy     | samotiy@gmail.com     |
|  5 | Irina      | Mikhaylova  | ira@test.com          |
+----+------------+-------------+-----------------------+
3 rows in set (0,01 sec)

mysql> SELECT * FROM teachers WHERE id IN (1,3,5) ORDER BY first_name ASC;
+----+------------+-------------+-----------------------+
| id | first_name | last_name   | email                 |
+----+------------+-------------+-----------------------+
|  5 | Irina      | Mikhaylova  | ira@test.com          |
|  1 | Kateryna   | Samotiy     | samotiy@gmail.com     |
|  3 | Natalia    | Khmelnutska | khmelnutska@gmail.com |
+----+------------+-------------+-----------------------+
3 rows in set (0,00 sec)

mysql> SELECT classes.*, teachers.first_name, teachers.last_name, teachers.email FROM classes  INNER JOIN teachers ON teachers.id = classes.teacher_id WHERE id IN (1, 3, 5);
ERROR 1052 (23000): Column 'id' in where clause is ambiguous
mysql> SELECT classes.*, teachers.first_name, teachers.last_name, teachers.email FROM classes  INNER JOIN teachers ON teachers.id = classes.teacher_id WHERE teachers.id IN (1, 3, 5);
+----+------+------------+------------+-------------+-----------------------+
| id | name | teacher_id | first_name | last_name   | email                 |
+----+------+------------+------------+-------------+-----------------------+
|  1 | 1-a  |          1 | Kateryna   | Samotiy     | samotiy@gmail.com     |
|  3 | 7-a  |          3 | Natalia    | Khmelnutska | khmelnutska@gmail.com |
+----+------+------------+------------+-------------+-----------------------+
2 rows in set (0,00 sec)

mysql> SELECT classes.*, teachers.first_name, teachers.last_name, teachers.email FROM classes  RIGHT JOIN
 teachers ON teachers.id = classes.teacher_id WHERE teachers.id IN (1, 3, 5);
+------+------+------------+------------+-------------+-----------------------+
| id   | name | teacher_id | first_name | last_name   | email                 |
+------+------+------------+------------+-------------+-----------------------+
|    1 | 1-a  |          1 | Kateryna   | Samotiy     | samotiy@gmail.com     |
|    3 | 7-a  |          3 | Natalia    | Khmelnutska | khmelnutska@gmail.com |
| NULL | NULL |       NULL | Irina      | Mikhaylova  | ira@test.com          |
+------+------+------------+------------+-------------+-----------------------+
3 rows in set (0,00 sec)

mysql> SELECT classes.*, teachers.first_name, teachers.last_name, teachers.email FROM classes  RIGHT JOIN teachers ON teachers.id = classes.teacher_id ORDER BY teachers.id WHERE teachers.id IN (1, 3, 5);
ERROR 1064 (42000): You have an error in your SQL syntax; check the manual that corresponds to your MySQL server version for the right syntax to use near 'WHERE teachers.id IN (1, 3, 5)' at line 1
mysql> SELECT classes.*, teachers.first_name, teachers.last_name, teachers.email FROM classes  RIGHT JOIN teachers ON teachers.id = classes.teacher_id WHERE teachers.id IN (1, 3, 5) ORDER BY -id;
ERROR 1052 (23000): Column 'id' in order clause is ambiguous
mysql> SELECT classes.*, teachers.first_name, teachers.last_name, teachers.email FROM classes  RIGHT JOIN teachers ON teachers.id = classes.teacher_id WHERE teachers.id IN (1, 3, 5) ORDER BY -teachers.id;
+------+------+------------+------------+-------------+-----------------------+
| id   | name | teacher_id | first_name | last_name   | email                 |
+------+------+------------+------------+-------------+-----------------------+
| NULL | NULL |       NULL | Irina      | Mikhaylova  | ira@test.com          |
|    3 | 7-a  |          3 | Natalia    | Khmelnutska | khmelnutska@gmail.com |
|    1 | 1-a  |          1 | Kateryna   | Samotiy     | samotiy@gmail.com     |
+------+------+------------+------------+-------------+-----------------------+
3 rows in set (0,00 sec)

mysql> SELECT classes.*, teachers.first_name, teachers.last_name, teachers.email FROM classes  RIGHT JOIN teachers ON teachers.id = classes.teacher_id WHERE teachers.id IN (1, 3, 5) ORDER BY -teachers.id;
+------+------+------------+------------+-------------+-----------------------+
| id   | name | teacher_id | first_name | last_name   | email                 |
+------+------+------------+------------+-------------+-----------------------+
| NULL | NULL |       NULL | Irina      | Mikhaylova  | ira@test.com          |
|    3 | 7-a  |          3 | Natalia    | Khmelnutska | khmelnutska@gmail.com |
|    1 | 1-a  |          1 | Kateryna   | Samotiy     | samotiy@gmail.com     |
+------+------+------------+------------+-------------+-----------------------+
3 rows in set (0,00 sec)

mysql> SELECT COUNT(teachers.id) FROM classes  RIGHT JOIN teachers ON teachers.id = classes.teacher_id WH
ERE teachers.id IN (1, 3, 5) ORDER BY -teachers.id;
+--------------------+
| COUNT(teachers.id) |
+--------------------+
|                  3 |
+--------------------+
1 row in set (0,00 sec)

mysql> SELECT SUM(teachers.id) FROM classes  RIGHT JOIN teachers ON teachers.id = classes.teacher_id WHER
E teachers.id IN (1, 3, 5) ORDER BY -teachers.id;
+------------------+
| SUM(teachers.id) |
+------------------+
|                9 |
+------------------+
1 row in set (0,00 sec)

mysql> SELECT classes.*, teachers.email FROM classes  RIGHT JOIN teachers ON teachers.id = classes.teacher_id WHERE teachers.id IN (1, 3, 5) ORDER BY -teachers.id;
+------+------+------------+-----------------------+
| id   | name | teacher_id | email                 |
+------+------+------------+-----------------------+
| NULL | NULL |       NULL | ira@test.com          |
|    3 | 7-a  |          3 | khmelnutska@gmail.com |
|    1 | 1-a  |          1 | samotiy@gmail.com     |
+------+------+------------+-----------------------+
3 rows in set (0,00 sec)

mysql> SELECT classes.*, teachers.email FROM classes  RIGHT JOIN teachers ON teachers.id = classes.teacher_id WHERE teachers.id = COUNT(classes.id) ORDER BY -teachers.id;
ERROR 1111 (HY000): Invalid use of group function
mysql> SELECT classes.*, teachers.email FROM classes  RIGHT JOIN teachers ON teachers.id = classes.teacher_id WHERE teachers.id = (SELECT COUNT(classes.id) FROM classes) ORDER BY -teachers.id;
+------+------+------------+--------------+
| id   | name | teacher_id | email        |
+------+------+------------+--------------+
| NULL | NULL |       NULL | ira@test.com |
+------+------+------------+--------------+
1 row in set (0,00 sec)

mysql> SELECT COUNT(classes.id) FROM classes;
+-------------------+
| COUNT(classes.id) |
+-------------------+
|                 5 |
+-------------------+
1 row in set (0,00 sec)

mysql> SELECT * FROM teachers;
+----+------------+-------------+-----------------------+
| id | first_name | last_name   | email                 |
+----+------------+-------------+-----------------------+
|  1 | Kateryna   | Samotiy     | samotiy@gmail.com     |
|  2 | Victoriya  | Sagaydachna | sagaydachna@gmail.com |
|  3 | Natalia    | Khmelnutska | khmelnutska@gmail.com |
|  4 | Anna       | Mikhaylova  | mm@gmail.com          |
|  5 | Irina      | Mikhaylova  | ira@test.com          |
|  6 | Bogdana    | Ivanova     | ivanova@gmail.com     |
+----+------------+-------------+-----------------------+
6 rows in set (0,00 sec)

mysql> SELECT * FROM teachers RIGHT JOIN classes.teacher_id=teachers.id WHERE teachers.id=1;
ERROR 1064 (42000): You have an error in your SQL syntax; check the manual that corresponds to your MySQL server version for the right syntax to use near '=teachers.id WHERE teachers.id=1' at line 1
mysql> SELECT * FROM teachers RIGHT JOIN classes ON classes.teacher_id=teachers.id WHERE teachers.id=1;
+------+------------+-----------+-------------------+----+------+------------+
| id   | first_name | last_name | email             | id | name | teacher_id |
+------+------------+-----------+-------------------+----+------+------------+
|    1 | Kateryna   | Samotiy   | samotiy@gmail.com |  1 | 1-a  |          1 |
+------+------------+-----------+-------------------+----+------+------------+
1 row in set (0,00 sec)

mysql> INSERT INTO classes(name, teacher_id) VALUES ("11-a", 1);
Query OK, 1 row affected (0,00 sec)

mysql> SELECT * FROM teachers RIGHT JOIN classes ON classes.teacher_id=teachers.id WHERE teachers.id=1;
+------+------------+-----------+-------------------+----+------+------------+
| id   | first_name | last_name | email             | id | name | teacher_id |
+------+------------+-----------+-------------------+----+------+------------+
|    1 | Kateryna   | Samotiy   | samotiy@gmail.com |  1 | 1-a  |          1 |
|    1 | Kateryna   | Samotiy   | samotiy@gmail.com |  6 | 11-a |          1 |
+------+------------+-----------+-------------------+----+------+------------+
2 rows in set (0,00 sec)

mysql> SELECT * FROM teachers LEFT JOIN classes ON classes.teacher_id=teachers.id WHERE teachers.id=1;
+----+------------+-----------+-------------------+------+------+------------+
| id | first_name | last_name | email             | id   | name | teacher_id |
+----+------------+-----------+-------------------+------+------+------------+
|  1 | Kateryna   | Samotiy   | samotiy@gmail.com |    1 | 1-a  |          1 |
|  1 | Kateryna   | Samotiy   | samotiy@gmail.com |    6 | 11-a |          1 |
+----+------------+-----------+-------------------+------+------+------------+
2 rows in set (0,00 sec)

mysql> SHOW TABLES;
+------------------+
| Tables_in_school |
+------------------+
| classes          |
| room_class       |
| rooms            |
| students         |
| teachers         |
+------------------+
5 rows in set (0,00 sec)

mysql> SELECT teachers.*, classes.name, rooms.number FROM teachers LEFT JOIN classes ON classes.teacher_i
d=teachers.id WHERE teachers.id=1 LEFT JOIN room_class ON room_class.class_id=classes.id LEFT JOIN rooms
ON room
ERROR 1064 (42000): You have an error in your SQL syntax; check the manual that corresponds to your MySQL server version for the right syntax to use near 'LEFT JOIN room_class ON room_class.class_id=classes.id LEFT JOIN rooms ON rooms.' at line 1
mysql> SHOW COLUMNS rooms;
ERROR 1064 (42000): You have an error in your SQL syntax; check the manual that corresponds to your MySQL server version for the right syntax to use near 'rooms' at line 1
mysql> SHOW COLUMNS FROM rooms;
+--------+------+------+-----+---------+----------------+
| Field  | Type | Null | Key | Default | Extra          |
+--------+------+------+-----+---------+----------------+
| id     | int  | NO   | PRI | NULL    | auto_increment |
| number | int  | NO   |     | NULL    |                |
+--------+------+------+-----+---------+----------------+
2 rows in set (0,00 sec)

mysql> SELECT teachers.*, classes.name, rooms.number FROM teachers LEFT JOIN classes ON classes.teacher_id=teachers.id LEFT JOIN room_class ON room_class.class_id=classes.id LEFT JOIN rooms ON rooms.id=room_class.room_id WHERE teachers.id=1;
+----+------------+-----------+-------------------+------+--------+
| id | first_name | last_name | email             | name | number |
+----+------------+-----------+-------------------+------+--------+
|  1 | Kateryna   | Samotiy   | samotiy@gmail.com | 1-a  |      5 |
|  1 | Kateryna   | Samotiy   | samotiy@gmail.com | 1-a  |      3 |
|  1 | Kateryna   | Samotiy   | samotiy@gmail.com | 1-a  |      2 |
|  1 | Kateryna   | Samotiy   | samotiy@gmail.com | 11-a |   NULL |
+----+------------+-----------+-------------------+------+--------+
4 rows in set (0,00 sec)

mysql> USE school2;
Reading table information for completion of table and column names
You can turn off this feature to get a quicker startup with -A

Database changed
mysql> SHOW DATABASES;
+--------------------+
| Database           |
+--------------------+
| information_schema |
| mysql              |
| performance_schema |
| school             |
| school2            |
| sys                |
+--------------------+
6 rows in set (0,00 sec)

mysql> DROP TABLE rooms;
Query OK, 0 rows affected (0,00 sec)

mysql> SHOW TABLES;
+-------------------+
| Tables_in_school2 |
+-------------------+
| classes           |
| room_class        |
| students          |
| teachers          |
+-------------------+
4 rows in set (0,00 sec)

mysql> DROP TABLE room_class;
Query OK, 0 rows affected (0,01 sec)

mysql> SHOW TABLES;
+-------------------+
| Tables_in_school2 |
+-------------------+
| classes           |
| students          |
| teachers          |
+-------------------+
3 rows in set (0,00 sec)

mysql> DROP DATABASE school2;
Query OK, 3 rows affected (0,02 sec)

mysql> SHOW DATABASES;
+--------------------+
| Database           |
+--------------------+
| information_schema |
| mysql              |
| performance_schema |
| school             |
| sys                |
+--------------------+
5 rows in set (0,00 sec)

mysql> USE school;
Reading table information for completion of table and column names
You can turn off this feature to get a quicker startup with -A

Database changed
mysql> DELETE FROM rooms WHERE id=5;
Query OK, 1 row affected (0,01 sec)

mysql> SELECT * FROM rooms;
+----+--------+
| id | number |
+----+--------+
|  1 |      1 |
|  2 |      2 |
|  3 |      3 |
|  4 |      4 |
|  6 |      6 |
|  7 |      7 |
|  8 |     10 |
+----+--------+
7 rows in set (0,00 sec)

mysql> UPDATE rooms SET number=11 WHERE id=8;
Query OK, 1 row affected (0,00 sec)
Rows matched: 1  Changed: 1  Warnings: 0

mysql> SELECT * FROM rooms;
+----+--------+
| id | number |
+----+--------+
|  1 |      1 |
|  2 |      2 |
|  3 |      3 |
|  4 |      4 |
|  6 |      6 |
|  7 |      7 |
|  8 |     11 |
+----+--------+
7 rows in set (0,00 sec)

mysql> SELECT * FROM teachers;
+----+------------+-------------+-----------------------+
| id | first_name | last_name   | email                 |
+----+------------+-------------+-----------------------+
|  1 | Kateryna   | Samotiy     | samotiy@gmail.com     |
|  2 | Victoriya  | Sagaydachna | sagaydachna@gmail.com |
|  3 | Natalia    | Khmelnutska | khmelnutska@gmail.com |
|  4 | Anna       | Mikhaylova  | mm@gmail.com          |
|  5 | Irina      | Mikhaylova  | ira@test.com          |
|  6 | Bogdana    | Ivanova     | ivanova@gmail.com     |
+----+------------+-------------+-----------------------+
6 rows in set (0,00 sec)

mysql> UPDATE teachers SET last_name="Shevchenko" WHERE id=6;
Query OK, 1 row affected (0,01 sec)
Rows matched: 1  Changed: 1  Warnings: 0

mysql> SELECT * FROM teachers;
+----+------------+-------------+-----------------------+
| id | first_name | last_name   | email                 |
+----+------------+-------------+-----------------------+
|  1 | Kateryna   | Samotiy     | samotiy@gmail.com     |
|  2 | Victoriya  | Sagaydachna | sagaydachna@gmail.com |
|  3 | Natalia    | Khmelnutska | khmelnutska@gmail.com |
|  4 | Anna       | Mikhaylova  | mm@gmail.com          |
|  5 | Irina      | Mikhaylova  | ira@test.com          |
|  6 | Bogdana    | Shevchenko  | ivanova@gmail.com     |
+----+------------+-------------+-----------------------+
6 rows in set (0,00 sec)

mysql> UPDATE teachers SET last_name="Shevchenko", email="shevchenko@gmail.com" WHERE id=6;
Query OK, 1 row affected (0,01 sec)
Rows matched: 1  Changed: 1  Warnings: 0

mysql> SELECT * FROM teachers;
+----+------------+-------------+-----------------------+
| id | first_name | last_name   | email                 |
+----+------------+-------------+-----------------------+
|  1 | Kateryna   | Samotiy     | samotiy@gmail.com     |
|  2 | Victoriya  | Sagaydachna | sagaydachna@gmail.com |
|  3 | Natalia    | Khmelnutska | khmelnutska@gmail.com |
|  4 | Anna       | Mikhaylova  | mm@gmail.com          |
|  5 | Irina      | Mikhaylova  | ira@test.com          |
|  6 | Bogdana    | Shevchenko  | shevchenko@gmail.com  |
+----+------------+-------------+-----------------------+
6 rows in set (0,00 sec)

mysql> SELECT * FROM classes;
+----+------+------------+
| id | name | teacher_id |
+----+------+------------+
|  1 | 1-a  |          1 |
|  2 | 2-a  |          2 |
|  3 | 7-a  |          3 |
|  4 | 8-a  |          4 |
|  5 | 10-a |         30 |
|  6 | 11-a |          1 |
+----+------+------------+
6 rows in set (0,00 sec)

mysql> SHOW TABLES;
+------------------+
| Tables_in_school |
+------------------+
| classes          |
| room_class       |
| rooms            |
| students         |
| teachers         |
+------------------+
5 rows in set (0,00 sec)

mysql> CREATE TABLE lessons(id INT PRIMARY KEY AUTO_INCREMENT, name CHAR(255) NOT NULL, start_from INT);
Query OK, 0 rows affected (0,01 sec)

mysql> SHOW TABLES;
+------------------+
| Tables_in_school |
+------------------+
| classes          |
| lessons          |
| room_class       |
| rooms            |
| students         |
| teachers         |
+------------------+
6 rows in set (0,00 sec)

mysql> INSERT INTO lessons(name, start_from) VALUES ("Math", 1), ("Geographiya", 6), ("Ukr.Literaturu", 5), ("Khimiya", 7), ("Kek", 9), ("Ocheredna shnyaga, 7);
    "> ^C
mysql> INSERT INTO lessons(name, start_from) VALUES ("Math", 1), ("Geographiya", 6), ("Ukr.Literaturu", 5), ("Khimiya", 7), ("Kek", 9), ("Ocheredna shnyaga", 7);
Query OK, 6 rows affected (0,02 sec)
Records: 6  Duplicates: 0  Warnings: 0

mysql> SELECT * FROM lessons;
+----+-------------------+------------+
| id | name              | start_from |
+----+-------------------+------------+
|  1 | Math              |          1 |
|  2 | Geographiya       |          6 |
|  3 | Ukr.Literaturu    |          5 |
|  4 | Khimiya           |          7 |
|  5 | Kek               |          9 |
|  6 | Ocheredna shnyaga |          7 |
+----+-------------------+------------+
6 rows in set (0,00 sec)

mysql> INSERT INTO rozklad (id INT PRIMARY KEY, teacher_id INT NOT NULL, lesson_id INT NOT NULL, room_id INT NOT NULL, time TIME NOT NULL);
ERROR 1064 (42000): You have an error in your SQL syntax; check the manual that corresponds to your MySQL server version for the right syntax to use near 'INT PRIMARY KEY, teacher_id INT NOT NULL, lesson_id INT NOT NULL, room_id INT NO' at line 1
mysql> INSERT INTO rozklad (id INT PRIMARY KEY AUTO_INCREMENT, teacher_id INT NOT NULL, lesson_id INT NOT
 NULL,
ERROR 1064 (42000): You have an error in your SQL syntax; check the manual that corresponds to your MySQL server version for the right syntax to use near 'INT PRIMARY KEY AUTO_INCREMENT, teacher_id INT NOT NULL, lesson_id INT NOT NULL,' at line 1
mysql> INSERT INTO rozklad (id INT PRIMARY KEY AUTO_INCREMENT, teacher_id INT NOT NULL, lesson_id INT NOT NULL, room_id INT NOT NULL, time TIME);
ERROR 1064 (42000): You have an error in your SQL syntax; check the manual that corresponds to your MySQL server version for the right syntax to use near 'INT PRIMARY KEY AUTO_INCREMENT, teacher_id INT NOT NULL, lesson_id INT NOT NULL,' at line 1
mysql> CREATE TABLE rozklad (id INT PRIMARY KEY AUTO_INCREMENT, teacher_id INT NOT NULL, lesson_id INT NO
T NULL,
Query OK, 0 rows affected (0,02 sec)

mysql> SHOW TABLES;
+------------------+
| Tables_in_school |
+------------------+
| classes          |
| lessons          |
| room_class       |
| rooms            |
| rozklad          |
| students         |
| teachers         |
+------------------+
7 rows in set (0,00 sec)

mysql> SHOW COLUMNS FROM rozklad;
+------------+------+------+-----+---------+----------------+
| Field      | Type | Null | Key | Default | Extra          |
+------------+------+------+-----+---------+----------------+
| id         | int  | NO   | PRI | NULL    | auto_increment |
| teacher_id | int  | NO   |     | NULL    |                |
| lesson_id  | int  | NO   |     | NULL    |                |
| room_id    | int  | NO   |     | NULL    |                |
| time       | time | YES  |     | NULL    |                |
+------------+------+------+-----+---------+----------------+
5 rows in set (0,00 sec)

mysql> INSERT INTO rozklad (teacher_id, lesson_id, room_id, time) VALUES (1, 2, 4, "14:00:00"), (2,1,3,"09:00:00"), (3,3,1, "12:00:00"), (4, 4, 5, "15:00:00");
Query OK, 4 rows affected (0,01 sec)
Records: 4  Duplicates: 0  Warnings: 0

mysql> SELECT lessons.name, teachers.first_name, teachers.last_name, lessons.name, rooms.number, classes.
name FROM rozklad INNER JOIN lessons l ON l.id=rozklad.lesson_id INNER JOIN teachers t ON t.id=rozklad.teacher_id INNER JOIN rooms r ON r.id=rozklad.room_id LEFT JOIN room_class rc ON rc.room_id=r.id INNER JOIN classes c ON c.id=rc.class_id;
ERROR 1054 (42S22): Unknown column 'lessons.name' in 'field list'
mysql> SELECT t.first_name, t.last_name, l.name, r.number, c.name FROM rozklad INNER JOIN lessons l ON l.id=rozklad.lesson_id INNER JOIN teachers t ON t.id=rozklad.teacher_id INNER JOIN rooms r ON r.id=rozklad.room_id LEFT JOIN room_class rc ON rc.room_id=r.id INNER JOIN classes c ON c.id=rc.class_id;
+------------+-------------+----------------+--------+------+
| first_name | last_name   | name           | number | name |
+------------+-------------+----------------+--------+------+
| Victoriya  | Sagaydachna | Math           |      3 | 1-a  |
| Natalia    | Khmelnutska | Ukr.Literaturu |      1 | 2-a  |
| Victoriya  | Sagaydachna | Math           |      3 | 2-a  |
+------------+-------------+----------------+--------+------+
3 rows in set (0,00 sec)

mysql> SELECT t.first_name, t.last_name, l.name, r.number, c.name, rozklad.time FROM rozklad INNER JOIN lesso
 r.id=rozklad.room_id LEFT JOIN room_class rc ON rc.room_id=r.id INNER JOIN classes c ON c.id=rc.class_id
;
+------------+-------------+----------------+--------+------+----------+
| first_name | last_name   | name           | number | name | time     |
+------------+-------------+----------------+--------+------+----------+
| Victoriya  | Sagaydachna | Math           |      3 | 1-a  | 09:00:00 |
| Natalia    | Khmelnutska | Ukr.Literaturu |      1 | 2-a  | 12:00:00 |
| Victoriya  | Sagaydachna | Math           |      3 | 2-a  | 09:00:00 |
+------------+-------------+----------------+--------+------+----------+
3 rows in set (0,00 sec)

mysql> SELECT t.first_name, t.last_name, l.name, r.number, c.name, rozklad.time FROM rozklad INNER JOIN lessons l ON l.id=rozklad.lesson_id INNER JOIN teachers t ON t.id=rozklad.teacher_id INNER JOIN rooms r ON r.id=rozklad.room_id INNER JOIN room_class rc ON rc.room_id=r.id INNER JOIN classes c ON c.id=rc.class_i
d;
+------------+-------------+----------------+--------+------+----------+
| first_name | last_name   | name           | number | name | time     |
+------------+-------------+----------------+--------+------+----------+
| Victoriya  | Sagaydachna | Math           |      3 | 1-a  | 09:00:00 |
| Natalia    | Khmelnutska | Ukr.Literaturu |      1 | 2-a  | 12:00:00 |
| Victoriya  | Sagaydachna | Math           |      3 | 2-a  | 09:00:00 |
+------------+-------------+----------------+--------+------+----------+
3 rows in set (0,00 sec)

mysql> SELECT DISTINCT t.first_name, t.last_name, l.name, r.number, c.name, rozklad.time FROM rozklad INN
ER JOIN lessons l ON l.id=rozklad.lesson_id INNER JOIN teachers t ON t.id=rozklad.teacher_id INNER JOIN room
c.class_id;
+------------+-------------+----------------+--------+------+----------+
| first_name | last_name   | name           | number | name | time     |
+------------+-------------+----------------+--------+------+----------+
| Victoriya  | Sagaydachna | Math           |      3 | 1-a  | 09:00:00 |
| Natalia    | Khmelnutska | Ukr.Literaturu |      1 | 2-a  | 12:00:00 |
| Victoriya  | Sagaydachna | Math           |      3 | 2-a  | 09:00:00 |
+------------+-------------+----------------+--------+------+----------+
3 rows in set (0,01 sec)

mysql> SELECT t.first_name, t.last_name, l.name, r.number, c.name, rozklad.time FROM rozklad INNER JOIN lessons l ON l.id=rozklad.lesson_id INNER JOIN teachers t ON t.id=rozklad.teacher_id INNER JOIN rooms r ON
 r.id=rozklad.room_id INNER JOIN room_class rc ON rc.room_id=r.id INNER JOIN classes c ON c.id=rc.class_id WHERE time BETWEEN "11:00:00" AND "13:00:00";
+------------+-------------+----------------+--------+------+----------+
| first_name | last_name   | name           | number | name | time     |
+------------+-------------+----------------+--------+------+----------+
| Natalia    | Khmelnutska | Ukr.Literaturu |      1 | 2-a  | 12:00:00 |
+------------+-------------+----------------+--------+------+----------+
1 row in set (0,00 sec)

mysql> ALTER TABLE rozklad ADD COLUMN class_id INT;
Query OK, 0 rows affected (0,02 sec)
Records: 0  Duplicates: 0  Warnings: 0

mysql> SELECT * FROM rozklad;
+----+------------+-----------+---------+----------+----------+
| id | teacher_id | lesson_id | room_id | time     | class_id |
+----+------------+-----------+---------+----------+----------+
|  1 |          1 |         2 |       4 | 14:00:00 |     NULL |
|  2 |          2 |         1 |       3 | 09:00:00 |     NULL |
|  3 |          3 |         3 |       1 | 12:00:00 |     NULL |
|  4 |          4 |         4 |       5 | 15:00:00 |     NULL |
+----+------------+-----------+---------+----------+----------+
4 rows in set (0,00 sec